[NSThread currentThread] is not nil
[NSThread currentThread] is not [NSThread mainThread]
