-[Bar a]
+[Bar a]
-[Foo a]
+[Foo a]
-[Bar a]
+[Bar a]
-[Foo a]
+[Foo a]
