void alone(): 00000000,00000000 -- 00000000,00000000
+[A bar]: 050c5d5e,00000000 -- 050c5d5e,00000000
+[A(B) baz]: 050c5d5e,050c5d5d -- 050c5d5e,050c5d5d
