ObjC:
	foo
	bar
Perform:
	foo
	bar
Call:
	foo
	bar
Rval
	1848-OK
