s         : VfL Bochum 1848
selector  : 45ba2776
range     : { 18, 48 }
character : 'X'
float     : 18.48
