did not forward
---
did not forward
---
did not forward
