50c5d7e, 50c5d7d, 50c5d7c
50c5d7e, 50c5d7d, 50c5d7c
50c5d7e, 50c5d7d, 50c5d7c
