18bafc0a, 18bafa0a, 18baf80a
18bafc0a, 18bafa0a, 18baf80a
18bafc0a, 18bafa0a, 18baf80a
