+[A bar]

+[B(C) bar]
+[B bar]
+[Q bar]
+[P bar]
+[A bar]
