NSObject:
YES
YES
YES

Foo:
YES
YES
YES

Bar:
YES
YES
YES
YES

foo:
YES
YES
YES
YES

bar:
YES
YES
YES
YES
