NSObject:
NO

Foo:
YES

Bar:
NO

obj:
NO

foo:
YES

bar:
NO
