passed
passed
passed
passed
passed
1
1
1
1
1
1848
1848
1848
1848
1848
0x738
0x738
1848.00
1848.00
1848.00
1848.00
1848.00
1848.00
18.48
18.48
