forward:
forward:
forward:
-f0
-f7
-ff
forward:
forward:
forward:
-f0
-f7
-ff
forward:
forward:
forward:
-f0
-f7
-ff
-foo
forward:
-f0
-f7
-ff
+foo
forward:
forward:
-f0
-f7
-ff
-foo
forward:
-f0
-f7
-ff
-foo
-bar
-f0
-f7
-ff
+foo
+bar
forward:
-f0
-f7
-ff
-foo
-bar
-f0
-f7
-ff
