+new
-init
1
+new
-init
2
YES
YES
YES
YES
YES
YES
-finalize
-dealloc
-finalize
-dealloc
0
