+foo
+foo:VfL
+foo:VfL:1848
-foo
-foo:VfL
-foo:VfL:1848
