-[Bar finalize]
-[Bar dealloc]
-[Foo finalize]
-[Foo dealloc]
