[0,0] contains range [0,0] ? NO
[0,1] contains range [0,0] ? NO
[0,2] contains range [0,0] ? NO
[1,-1] contains range [0,0] ? NO
[1,0] contains range [0,0] ? NO
[1,1] contains range [0,0] ? NO
[1,2] contains range [0,0] ? NO
[2,-2] contains range [0,0] ? NO
[2,-1] contains range [0,0] ? NO
[2,0] contains range [0,0] ? NO
[2,1] contains range [0,0] ? NO
[2,2] contains range [0,0] ? NO

[0,0] contains range [0,1] ? NO
[0,1] contains range [0,1] ? YES
[0,2] contains range [0,1] ? YES
[1,-1] contains range [0,1] ? NO
[1,0] contains range [0,1] ? NO
[1,1] contains range [0,1] ? NO
[1,2] contains range [0,1] ? NO
[2,-2] contains range [0,1] ? NO
[2,-1] contains range [0,1] ? YES
[2,0] contains range [0,1] ? NO
[2,1] contains range [0,1] ? NO
[2,2] contains range [0,1] ? NO

[0,0] contains range [0,2] ? NO
[0,1] contains range [0,2] ? NO
[0,2] contains range [0,2] ? YES
[1,-1] contains range [0,2] ? NO
[1,0] contains range [0,2] ? NO
[1,1] contains range [0,2] ? NO
[1,2] contains range [0,2] ? NO
[2,-2] contains range [0,2] ? NO
[2,-1] contains range [0,2] ? NO
[2,0] contains range [0,2] ? NO
[2,1] contains range [0,2] ? NO
[2,2] contains range [0,2] ? NO

[0,0] contains range [1,-1] ? NO
[0,1] contains range [1,-1] ? NO
[0,2] contains range [1,-1] ? NO
[1,-1] contains range [1,-1] ? YES
[1,0] contains range [1,-1] ? NO
[1,1] contains range [1,-1] ? NO
[1,2] contains range [1,-1] ? NO
[2,-2] contains range [1,-1] ? NO
[2,-1] contains range [1,-1] ? NO
[2,0] contains range [1,-1] ? NO
[2,1] contains range [1,-1] ? NO
[2,2] contains range [1,-1] ? NO

[0,0] contains range [1,0] ? NO
[0,1] contains range [1,0] ? NO
[0,2] contains range [1,0] ? NO
[1,-1] contains range [1,0] ? NO
[1,0] contains range [1,0] ? NO
[1,1] contains range [1,0] ? NO
[1,2] contains range [1,0] ? NO
[2,-2] contains range [1,0] ? NO
[2,-1] contains range [1,0] ? NO
[2,0] contains range [1,0] ? NO
[2,1] contains range [1,0] ? NO
[2,2] contains range [1,0] ? NO

[0,0] contains range [1,1] ? NO
[0,1] contains range [1,1] ? NO
[0,2] contains range [1,1] ? YES
[1,-1] contains range [1,1] ? YES
[1,0] contains range [1,1] ? NO
[1,1] contains range [1,1] ? YES
[1,2] contains range [1,1] ? YES
[2,-2] contains range [1,1] ? NO
[2,-1] contains range [1,1] ? NO
[2,0] contains range [1,1] ? NO
[2,1] contains range [1,1] ? NO
[2,2] contains range [1,1] ? NO

[0,0] contains range [1,2] ? NO
[0,1] contains range [1,2] ? NO
[0,2] contains range [1,2] ? NO
[1,-1] contains range [1,2] ? YES
[1,0] contains range [1,2] ? NO
[1,1] contains range [1,2] ? NO
[1,2] contains range [1,2] ? YES
[2,-2] contains range [1,2] ? NO
[2,-1] contains range [1,2] ? NO
[2,0] contains range [1,2] ? NO
[2,1] contains range [1,2] ? NO
[2,2] contains range [1,2] ? NO

[0,0] contains range [2,-2] ? NO
[0,1] contains range [2,-2] ? NO
[0,2] contains range [2,-2] ? NO
[1,-1] contains range [2,-2] ? YES
[1,0] contains range [2,-2] ? NO
[1,1] contains range [2,-2] ? NO
[1,2] contains range [2,-2] ? NO
[2,-2] contains range [2,-2] ? YES
[2,-1] contains range [2,-2] ? YES
[2,0] contains range [2,-2] ? NO
[2,1] contains range [2,-2] ? NO
[2,2] contains range [2,-2] ? NO

[0,0] contains range [2,-1] ? NO
[0,1] contains range [2,-1] ? NO
[0,2] contains range [2,-1] ? NO
[1,-1] contains range [2,-1] ? NO
[1,0] contains range [2,-1] ? NO
[1,1] contains range [2,-1] ? NO
[1,2] contains range [2,-1] ? NO
[2,-2] contains range [2,-1] ? NO
[2,-1] contains range [2,-1] ? YES
[2,0] contains range [2,-1] ? NO
[2,1] contains range [2,-1] ? NO
[2,2] contains range [2,-1] ? NO

[0,0] contains range [2,0] ? NO
[0,1] contains range [2,0] ? NO
[0,2] contains range [2,0] ? NO
[1,-1] contains range [2,0] ? NO
[1,0] contains range [2,0] ? NO
[1,1] contains range [2,0] ? NO
[1,2] contains range [2,0] ? NO
[2,-2] contains range [2,0] ? NO
[2,-1] contains range [2,0] ? NO
[2,0] contains range [2,0] ? NO
[2,1] contains range [2,0] ? NO
[2,2] contains range [2,0] ? NO

[0,0] contains range [2,1] ? NO
[0,1] contains range [2,1] ? NO
[0,2] contains range [2,1] ? NO
[1,-1] contains range [2,1] ? YES
[1,0] contains range [2,1] ? NO
[1,1] contains range [2,1] ? NO
[1,2] contains range [2,1] ? YES
[2,-2] contains range [2,1] ? YES
[2,-1] contains range [2,1] ? YES
[2,0] contains range [2,1] ? NO
[2,1] contains range [2,1] ? YES
[2,2] contains range [2,1] ? YES

[0,0] contains range [2,2] ? NO
[0,1] contains range [2,2] ? NO
[0,2] contains range [2,2] ? NO
[1,-1] contains range [2,2] ? YES
[1,0] contains range [2,2] ? NO
[1,1] contains range [2,2] ? NO
[1,2] contains range [2,2] ? NO
[2,-2] contains range [2,2] ? YES
[2,-1] contains range [2,2] ? YES
[2,0] contains range [2,2] ? NO
[2,1] contains range [2,2] ? NO
[2,2] contains range [2,2] ? YES

