NSIntersectionRange( {0, 0}, {0, 0}) = {0, 0}
NSIntersectionRange( {0, 0}, {1, 0}) = {0, 0}
NSIntersectionRange( {0, 0}, {0, 2}) = {0, 0}
NSIntersectionRange( {0, 0}, {1, 2}) = {0, 0}
NSIntersectionRange( {1, 0}, {0, 0}) = {0, 0}
NSIntersectionRange( {1, 0}, {1, 0}) = {1, 0}
NSIntersectionRange( {1, 0}, {0, 2}) = {1, 0}
NSIntersectionRange( {1, 0}, {1, 2}) = {1, 0}
NSIntersectionRange( {0, 2}, {0, 0}) = {0, 0}
NSIntersectionRange( {0, 2}, {1, 0}) = {1, 0}
NSIntersectionRange( {0, 2}, {0, 2}) = {0, 2}
NSIntersectionRange( {0, 2}, {1, 2}) = {1, 1}
NSIntersectionRange( {1, 2}, {0, 0}) = {0, 0}
NSIntersectionRange( {1, 2}, {1, 0}) = {1, 0}
NSIntersectionRange( {1, 2}, {0, 2}) = {1, 1}
NSIntersectionRange( {1, 2}, {1, 2}) = {1, 2}
NSUnionRange( {0, 0}, {0, 0}) = {0, 0}
NSUnionRange( {0, 0}, {1, 0}) = {0, 0}
NSUnionRange( {0, 0}, {0, 2}) = {0, 2}
NSUnionRange( {0, 0}, {1, 2}) = {1, 2}
NSUnionRange( {1, 0}, {0, 0}) = {1, 0}
NSUnionRange( {1, 0}, {1, 0}) = {1, 0}
NSUnionRange( {1, 0}, {0, 2}) = {0, 2}
NSUnionRange( {1, 0}, {1, 2}) = {1, 2}
NSUnionRange( {0, 2}, {0, 0}) = {0, 2}
NSUnionRange( {0, 2}, {1, 0}) = {0, 2}
NSUnionRange( {0, 2}, {0, 2}) = {0, 2}
NSUnionRange( {0, 2}, {1, 2}) = {0, 3}
NSUnionRange( {1, 2}, {0, 0}) = {1, 2}
NSUnionRange( {1, 2}, {1, 0}) = {1, 2}
NSUnionRange( {1, 2}, {0, 2}) = {0, 3}
NSUnionRange( {1, 2}, {1, 2}) = {1, 2}
NSEqualRanges( {0, 0}, {0, 0}) = YES
NSEqualRanges( {0, 0}, {1, 0}) = NO
NSEqualRanges( {0, 0}, {0, 2}) = NO
NSEqualRanges( {0, 0}, {1, 2}) = NO
NSEqualRanges( {1, 0}, {0, 0}) = NO
NSEqualRanges( {1, 0}, {1, 0}) = YES
NSEqualRanges( {1, 0}, {0, 2}) = NO
NSEqualRanges( {1, 0}, {1, 2}) = NO
NSEqualRanges( {0, 2}, {0, 0}) = NO
NSEqualRanges( {0, 2}, {1, 0}) = NO
NSEqualRanges( {0, 2}, {0, 2}) = YES
NSEqualRanges( {0, 2}, {1, 2}) = NO
NSEqualRanges( {1, 2}, {0, 0}) = NO
NSEqualRanges( {1, 2}, {1, 0}) = NO
NSEqualRanges( {1, 2}, {0, 2}) = NO
NSEqualRanges( {1, 2}, {1, 2}) = YES
NSLocationInRange( 0, {0, 0}) = NO
NSLocationInRange( 1, {0, 0}) = NO
NSLocationInRange( 2, {0, 0}) = NO
NSLocationInRange( 3, {0, 0}) = NO
NSLocationInRange( 0, {1, 0}) = NO
NSLocationInRange( 1, {1, 0}) = NO
NSLocationInRange( 2, {1, 0}) = NO
NSLocationInRange( 3, {1, 0}) = NO
NSLocationInRange( 0, {0, 2}) = YES
NSLocationInRange( 1, {0, 2}) = YES
NSLocationInRange( 2, {0, 2}) = NO
NSLocationInRange( 3, {0, 2}) = NO
NSLocationInRange( 0, {1, 2}) = NO
NSLocationInRange( 1, {1, 2}) = YES
NSLocationInRange( 2, {1, 2}) = YES
NSLocationInRange( 3, {1, 2}) = NO
