[-2...-4] is INVALID
[-2...-3] is INVALID
[-2...-2] is INVALID
[-2...-1] is INVALID
[-2...0] is INVALID
[-1...-3] is INVALID
[-1...-2] is INVALID
[-1...-1] is INVALID
[-1...0] is INVALID
[-1...1] is INVALID
[0...-2] is INVALID
[0...-1] is INVALID
[0...0] is OK
[0...1] is OK
[0...2] is OK
[1...-1] is INVALID
[1...0] is INVALID
[1...1] is OK
[1...2] is OK
[1...3] is OK
[2...0] is INVALID
[2...1] is INVALID
[2...2] is OK
[2...3] is OK
[2...4] is OK
