[-2 - -4] is valid in range [-2 - -2] ? NO
[-2 - -4] is valid in range [-2 - -1] ? NO
[-2 - -4] is valid in range [-2 - 0] ? NO
[-2 - -4] is valid in range [-1 - -1] ? NO
[-2 - -4] is valid in range [-1 - 0] ? NO
[-2 - -4] is valid in range [0 - -2] ? NO
[-2 - -4] is valid in range [0 - -1] ? NO
[-2 - -4] is valid in range [0 - 0] ? NO
[-2 - -4] is valid in range [0 - 1] ? NO
[-2 - -4] is valid in range [0 - 2] ? NO
[-2 - -4] is valid in range [1 - -1] ? NO
[-2 - -4] is valid in range [1 - 0] ? NO
[-2 - -4] is valid in range [1 - 1] ? NO
[-2 - -4] is valid in range [1 - 2] ? NO
[-2 - -4] is valid in range [1 - 3] ? NO
[-2 - -4] is valid in range [2 - 0] ? NO
[-2 - -4] is valid in range [2 - 2] ? NO
[-2 - -4] is valid in range [2 - 3] ? NO
[-2 - -4] is valid in range [2 - 4] ? NO

[-2 - -3] is valid in range [-2 - -2] ? NO
[-2 - -3] is valid in range [-2 - -1] ? NO
[-2 - -3] is valid in range [-2 - 0] ? NO
[-2 - -3] is valid in range [-1 - -1] ? NO
[-2 - -3] is valid in range [-1 - 0] ? NO
[-2 - -3] is valid in range [0 - -2] ? NO
[-2 - -3] is valid in range [0 - -1] ? NO
[-2 - -3] is valid in range [0 - 0] ? NO
[-2 - -3] is valid in range [0 - 1] ? NO
[-2 - -3] is valid in range [0 - 2] ? NO
[-2 - -3] is valid in range [1 - -1] ? NO
[-2 - -3] is valid in range [1 - 0] ? NO
[-2 - -3] is valid in range [1 - 1] ? NO
[-2 - -3] is valid in range [1 - 2] ? NO
[-2 - -3] is valid in range [1 - 3] ? NO
[-2 - -3] is valid in range [2 - 0] ? NO
[-2 - -3] is valid in range [2 - 2] ? NO
[-2 - -3] is valid in range [2 - 3] ? NO
[-2 - -3] is valid in range [2 - 4] ? NO

[-2 - -2] is valid in range [-2 - -2] ? YES
[-2 - -2] is valid in range [-2 - -1] ? YES
[-2 - -2] is valid in range [-2 - 0] ? NO
[-2 - -2] is valid in range [-1 - -1] ? NO
[-2 - -2] is valid in range [-1 - 0] ? NO
[-2 - -2] is valid in range [0 - -2] ? YES
[-2 - -2] is valid in range [0 - -1] ? YES
[-2 - -2] is valid in range [0 - 0] ? NO
[-2 - -2] is valid in range [0 - 1] ? NO
[-2 - -2] is valid in range [0 - 2] ? NO
[-2 - -2] is valid in range [1 - -1] ? YES
[-2 - -2] is valid in range [1 - 0] ? NO
[-2 - -2] is valid in range [1 - 1] ? NO
[-2 - -2] is valid in range [1 - 2] ? NO
[-2 - -2] is valid in range [1 - 3] ? NO
[-2 - -2] is valid in range [2 - 0] ? NO
[-2 - -2] is valid in range [2 - 2] ? NO
[-2 - -2] is valid in range [2 - 3] ? NO
[-2 - -2] is valid in range [2 - 4] ? NO

[-2 - -1] is valid in range [-2 - -2] ? NO
[-2 - -1] is valid in range [-2 - -1] ? YES
[-2 - -1] is valid in range [-2 - 0] ? NO
[-2 - -1] is valid in range [-1 - -1] ? NO
[-2 - -1] is valid in range [-1 - 0] ? NO
[-2 - -1] is valid in range [0 - -2] ? NO
[-2 - -1] is valid in range [0 - -1] ? YES
[-2 - -1] is valid in range [0 - 0] ? NO
[-2 - -1] is valid in range [0 - 1] ? NO
[-2 - -1] is valid in range [0 - 2] ? NO
[-2 - -1] is valid in range [1 - -1] ? YES
[-2 - -1] is valid in range [1 - 0] ? NO
[-2 - -1] is valid in range [1 - 1] ? NO
[-2 - -1] is valid in range [1 - 2] ? NO
[-2 - -1] is valid in range [1 - 3] ? NO
[-2 - -1] is valid in range [2 - 0] ? NO
[-2 - -1] is valid in range [2 - 2] ? NO
[-2 - -1] is valid in range [2 - 3] ? NO
[-2 - -1] is valid in range [2 - 4] ? NO

[-2 - 0] is valid in range [-2 - -2] ? YES
[-2 - 0] is valid in range [-2 - -1] ? YES
[-2 - 0] is valid in range [-2 - 0] ? YES
[-2 - 0] is valid in range [-1 - -1] ? NO
[-2 - 0] is valid in range [-1 - 0] ? NO
[-2 - 0] is valid in range [0 - -2] ? YES
[-2 - 0] is valid in range [0 - -1] ? YES
[-2 - 0] is valid in range [0 - 0] ? YES
[-2 - 0] is valid in range [0 - 1] ? YES
[-2 - 0] is valid in range [0 - 2] ? YES
[-2 - 0] is valid in range [1 - -1] ? YES
[-2 - 0] is valid in range [1 - 0] ? YES
[-2 - 0] is valid in range [1 - 1] ? YES
[-2 - 0] is valid in range [1 - 2] ? YES
[-2 - 0] is valid in range [1 - 3] ? YES
[-2 - 0] is valid in range [2 - 0] ? YES
[-2 - 0] is valid in range [2 - 2] ? YES
[-2 - 0] is valid in range [2 - 3] ? YES
[-2 - 0] is valid in range [2 - 4] ? YES

[-1 - -3] is valid in range [-2 - -2] ? NO
[-1 - -3] is valid in range [-2 - -1] ? NO
[-1 - -3] is valid in range [-2 - 0] ? NO
[-1 - -3] is valid in range [-1 - -1] ? NO
[-1 - -3] is valid in range [-1 - 0] ? NO
[-1 - -3] is valid in range [0 - -2] ? NO
[-1 - -3] is valid in range [0 - -1] ? NO
[-1 - -3] is valid in range [0 - 0] ? NO
[-1 - -3] is valid in range [0 - 1] ? NO
[-1 - -3] is valid in range [0 - 2] ? NO
[-1 - -3] is valid in range [1 - -1] ? NO
[-1 - -3] is valid in range [1 - 0] ? NO
[-1 - -3] is valid in range [1 - 1] ? NO
[-1 - -3] is valid in range [1 - 2] ? NO
[-1 - -3] is valid in range [1 - 3] ? NO
[-1 - -3] is valid in range [2 - 0] ? NO
[-1 - -3] is valid in range [2 - 2] ? NO
[-1 - -3] is valid in range [2 - 3] ? NO
[-1 - -3] is valid in range [2 - 4] ? NO

[-1 - -2] is valid in range [-2 - -2] ? NO
[-1 - -2] is valid in range [-2 - -1] ? NO
[-1 - -2] is valid in range [-2 - 0] ? NO
[-1 - -2] is valid in range [-1 - -1] ? NO
[-1 - -2] is valid in range [-1 - 0] ? NO
[-1 - -2] is valid in range [0 - -2] ? NO
[-1 - -2] is valid in range [0 - -1] ? NO
[-1 - -2] is valid in range [0 - 0] ? NO
[-1 - -2] is valid in range [0 - 1] ? NO
[-1 - -2] is valid in range [0 - 2] ? NO
[-1 - -2] is valid in range [1 - -1] ? NO
[-1 - -2] is valid in range [1 - 0] ? NO
[-1 - -2] is valid in range [1 - 1] ? NO
[-1 - -2] is valid in range [1 - 2] ? NO
[-1 - -2] is valid in range [1 - 3] ? NO
[-1 - -2] is valid in range [2 - 0] ? NO
[-1 - -2] is valid in range [2 - 2] ? NO
[-1 - -2] is valid in range [2 - 3] ? NO
[-1 - -2] is valid in range [2 - 4] ? NO

[-1 - -1] is valid in range [-2 - -2] ? NO
[-1 - -1] is valid in range [-2 - -1] ? YES
[-1 - -1] is valid in range [-2 - 0] ? NO
[-1 - -1] is valid in range [-1 - -1] ? YES
[-1 - -1] is valid in range [-1 - 0] ? NO
[-1 - -1] is valid in range [0 - -2] ? NO
[-1 - -1] is valid in range [0 - -1] ? YES
[-1 - -1] is valid in range [0 - 0] ? NO
[-1 - -1] is valid in range [0 - 1] ? NO
[-1 - -1] is valid in range [0 - 2] ? NO
[-1 - -1] is valid in range [1 - -1] ? YES
[-1 - -1] is valid in range [1 - 0] ? NO
[-1 - -1] is valid in range [1 - 1] ? NO
[-1 - -1] is valid in range [1 - 2] ? NO
[-1 - -1] is valid in range [1 - 3] ? NO
[-1 - -1] is valid in range [2 - 0] ? NO
[-1 - -1] is valid in range [2 - 2] ? NO
[-1 - -1] is valid in range [2 - 3] ? NO
[-1 - -1] is valid in range [2 - 4] ? NO

[-1 - 0] is valid in range [-2 - -2] ? YES
[-1 - 0] is valid in range [-2 - -1] ? YES
[-1 - 0] is valid in range [-2 - 0] ? YES
[-1 - 0] is valid in range [-1 - -1] ? YES
[-1 - 0] is valid in range [-1 - 0] ? YES
[-1 - 0] is valid in range [0 - -2] ? YES
[-1 - 0] is valid in range [0 - -1] ? YES
[-1 - 0] is valid in range [0 - 0] ? YES
[-1 - 0] is valid in range [0 - 1] ? YES
[-1 - 0] is valid in range [0 - 2] ? YES
[-1 - 0] is valid in range [1 - -1] ? YES
[-1 - 0] is valid in range [1 - 0] ? YES
[-1 - 0] is valid in range [1 - 1] ? YES
[-1 - 0] is valid in range [1 - 2] ? YES
[-1 - 0] is valid in range [1 - 3] ? YES
[-1 - 0] is valid in range [2 - 0] ? YES
[-1 - 0] is valid in range [2 - 2] ? YES
[-1 - 0] is valid in range [2 - 3] ? YES
[-1 - 0] is valid in range [2 - 4] ? YES

[-1 - 1] is valid in range [-2 - -2] ? NO
[-1 - 1] is valid in range [-2 - -1] ? NO
[-1 - 1] is valid in range [-2 - 0] ? NO
[-1 - 1] is valid in range [-1 - -1] ? NO
[-1 - 1] is valid in range [-1 - 0] ? NO
[-1 - 1] is valid in range [0 - -2] ? NO
[-1 - 1] is valid in range [0 - -1] ? NO
[-1 - 1] is valid in range [0 - 0] ? NO
[-1 - 1] is valid in range [0 - 1] ? NO
[-1 - 1] is valid in range [0 - 2] ? NO
[-1 - 1] is valid in range [1 - -1] ? NO
[-1 - 1] is valid in range [1 - 0] ? NO
[-1 - 1] is valid in range [1 - 1] ? NO
[-1 - 1] is valid in range [1 - 2] ? NO
[-1 - 1] is valid in range [1 - 3] ? NO
[-1 - 1] is valid in range [2 - 0] ? NO
[-1 - 1] is valid in range [2 - 2] ? NO
[-1 - 1] is valid in range [2 - 3] ? NO
[-1 - 1] is valid in range [2 - 4] ? NO

[0 - -2] is valid in range [-2 - -2] ? NO
[0 - -2] is valid in range [-2 - -1] ? NO
[0 - -2] is valid in range [-2 - 0] ? NO
[0 - -2] is valid in range [-1 - -1] ? NO
[0 - -2] is valid in range [-1 - 0] ? NO
[0 - -2] is valid in range [0 - -2] ? YES
[0 - -2] is valid in range [0 - -1] ? YES
[0 - -2] is valid in range [0 - 0] ? NO
[0 - -2] is valid in range [0 - 1] ? NO
[0 - -2] is valid in range [0 - 2] ? NO
[0 - -2] is valid in range [1 - -1] ? NO
[0 - -2] is valid in range [1 - 0] ? NO
[0 - -2] is valid in range [1 - 1] ? NO
[0 - -2] is valid in range [1 - 2] ? NO
[0 - -2] is valid in range [1 - 3] ? NO
[0 - -2] is valid in range [2 - 0] ? NO
[0 - -2] is valid in range [2 - 2] ? NO
[0 - -2] is valid in range [2 - 3] ? NO
[0 - -2] is valid in range [2 - 4] ? NO

[0 - -1] is valid in range [-2 - -2] ? NO
[0 - -1] is valid in range [-2 - -1] ? NO
[0 - -1] is valid in range [-2 - 0] ? NO
[0 - -1] is valid in range [-1 - -1] ? NO
[0 - -1] is valid in range [-1 - 0] ? NO
[0 - -1] is valid in range [0 - -2] ? NO
[0 - -1] is valid in range [0 - -1] ? YES
[0 - -1] is valid in range [0 - 0] ? NO
[0 - -1] is valid in range [0 - 1] ? NO
[0 - -1] is valid in range [0 - 2] ? NO
[0 - -1] is valid in range [1 - -1] ? NO
[0 - -1] is valid in range [1 - 0] ? NO
[0 - -1] is valid in range [1 - 1] ? NO
[0 - -1] is valid in range [1 - 2] ? NO
[0 - -1] is valid in range [1 - 3] ? NO
[0 - -1] is valid in range [2 - 0] ? NO
[0 - -1] is valid in range [2 - 2] ? NO
[0 - -1] is valid in range [2 - 3] ? NO
[0 - -1] is valid in range [2 - 4] ? NO

[0 - 0] is valid in range [-2 - -2] ? NO
[0 - 0] is valid in range [-2 - -1] ? NO
[0 - 0] is valid in range [-2 - 0] ? NO
[0 - 0] is valid in range [-1 - -1] ? NO
[0 - 0] is valid in range [-1 - 0] ? NO
[0 - 0] is valid in range [0 - -2] ? YES
[0 - 0] is valid in range [0 - -1] ? YES
[0 - 0] is valid in range [0 - 0] ? YES
[0 - 0] is valid in range [0 - 1] ? YES
[0 - 0] is valid in range [0 - 2] ? YES
[0 - 0] is valid in range [1 - -1] ? NO
[0 - 0] is valid in range [1 - 0] ? NO
[0 - 0] is valid in range [1 - 1] ? NO
[0 - 0] is valid in range [1 - 2] ? NO
[0 - 0] is valid in range [1 - 3] ? NO
[0 - 0] is valid in range [2 - 0] ? NO
[0 - 0] is valid in range [2 - 2] ? NO
[0 - 0] is valid in range [2 - 3] ? NO
[0 - 0] is valid in range [2 - 4] ? NO

[0 - 1] is valid in range [-2 - -2] ? NO
[0 - 1] is valid in range [-2 - -1] ? NO
[0 - 1] is valid in range [-2 - 0] ? NO
[0 - 1] is valid in range [-1 - -1] ? NO
[0 - 1] is valid in range [-1 - 0] ? NO
[0 - 1] is valid in range [0 - -2] ? YES
[0 - 1] is valid in range [0 - -1] ? YES
[0 - 1] is valid in range [0 - 0] ? NO
[0 - 1] is valid in range [0 - 1] ? YES
[0 - 1] is valid in range [0 - 2] ? YES
[0 - 1] is valid in range [1 - -1] ? NO
[0 - 1] is valid in range [1 - 0] ? NO
[0 - 1] is valid in range [1 - 1] ? NO
[0 - 1] is valid in range [1 - 2] ? NO
[0 - 1] is valid in range [1 - 3] ? NO
[0 - 1] is valid in range [2 - 0] ? NO
[0 - 1] is valid in range [2 - 2] ? NO
[0 - 1] is valid in range [2 - 3] ? NO
[0 - 1] is valid in range [2 - 4] ? NO

[0 - 2] is valid in range [-2 - -2] ? NO
[0 - 2] is valid in range [-2 - -1] ? NO
[0 - 2] is valid in range [-2 - 0] ? NO
[0 - 2] is valid in range [-1 - -1] ? NO
[0 - 2] is valid in range [-1 - 0] ? NO
[0 - 2] is valid in range [0 - -2] ? YES
[0 - 2] is valid in range [0 - -1] ? YES
[0 - 2] is valid in range [0 - 0] ? NO
[0 - 2] is valid in range [0 - 1] ? NO
[0 - 2] is valid in range [0 - 2] ? YES
[0 - 2] is valid in range [1 - -1] ? NO
[0 - 2] is valid in range [1 - 0] ? NO
[0 - 2] is valid in range [1 - 1] ? NO
[0 - 2] is valid in range [1 - 2] ? NO
[0 - 2] is valid in range [1 - 3] ? NO
[0 - 2] is valid in range [2 - 0] ? NO
[0 - 2] is valid in range [2 - 2] ? NO
[0 - 2] is valid in range [2 - 3] ? NO
[0 - 2] is valid in range [2 - 4] ? NO

[1 - -1] is valid in range [-2 - -2] ? NO
[1 - -1] is valid in range [-2 - -1] ? NO
[1 - -1] is valid in range [-2 - 0] ? NO
[1 - -1] is valid in range [-1 - -1] ? NO
[1 - -1] is valid in range [-1 - 0] ? NO
[1 - -1] is valid in range [0 - -2] ? NO
[1 - -1] is valid in range [0 - -1] ? YES
[1 - -1] is valid in range [0 - 0] ? NO
[1 - -1] is valid in range [0 - 1] ? NO
[1 - -1] is valid in range [0 - 2] ? NO
[1 - -1] is valid in range [1 - -1] ? YES
[1 - -1] is valid in range [1 - 0] ? NO
[1 - -1] is valid in range [1 - 1] ? NO
[1 - -1] is valid in range [1 - 2] ? NO
[1 - -1] is valid in range [1 - 3] ? NO
[1 - -1] is valid in range [2 - 0] ? NO
[1 - -1] is valid in range [2 - 2] ? NO
[1 - -1] is valid in range [2 - 3] ? NO
[1 - -1] is valid in range [2 - 4] ? NO

[1 - 0] is valid in range [-2 - -2] ? NO
[1 - 0] is valid in range [-2 - -1] ? NO
[1 - 0] is valid in range [-2 - 0] ? NO
[1 - 0] is valid in range [-1 - -1] ? NO
[1 - 0] is valid in range [-1 - 0] ? NO
[1 - 0] is valid in range [0 - -2] ? YES
[1 - 0] is valid in range [0 - -1] ? YES
[1 - 0] is valid in range [0 - 0] ? YES
[1 - 0] is valid in range [0 - 1] ? YES
[1 - 0] is valid in range [0 - 2] ? YES
[1 - 0] is valid in range [1 - -1] ? YES
[1 - 0] is valid in range [1 - 0] ? YES
[1 - 0] is valid in range [1 - 1] ? YES
[1 - 0] is valid in range [1 - 2] ? YES
[1 - 0] is valid in range [1 - 3] ? YES
[1 - 0] is valid in range [2 - 0] ? NO
[1 - 0] is valid in range [2 - 2] ? NO
[1 - 0] is valid in range [2 - 3] ? NO
[1 - 0] is valid in range [2 - 4] ? NO

[1 - 1] is valid in range [-2 - -2] ? NO
[1 - 1] is valid in range [-2 - -1] ? NO
[1 - 1] is valid in range [-2 - 0] ? NO
[1 - 1] is valid in range [-1 - -1] ? NO
[1 - 1] is valid in range [-1 - 0] ? NO
[1 - 1] is valid in range [0 - -2] ? YES
[1 - 1] is valid in range [0 - -1] ? YES
[1 - 1] is valid in range [0 - 0] ? NO
[1 - 1] is valid in range [0 - 1] ? YES
[1 - 1] is valid in range [0 - 2] ? YES
[1 - 1] is valid in range [1 - -1] ? YES
[1 - 1] is valid in range [1 - 0] ? NO
[1 - 1] is valid in range [1 - 1] ? YES
[1 - 1] is valid in range [1 - 2] ? YES
[1 - 1] is valid in range [1 - 3] ? YES
[1 - 1] is valid in range [2 - 0] ? NO
[1 - 1] is valid in range [2 - 2] ? NO
[1 - 1] is valid in range [2 - 3] ? NO
[1 - 1] is valid in range [2 - 4] ? NO

[1 - 2] is valid in range [-2 - -2] ? NO
[1 - 2] is valid in range [-2 - -1] ? NO
[1 - 2] is valid in range [-2 - 0] ? NO
[1 - 2] is valid in range [-1 - -1] ? NO
[1 - 2] is valid in range [-1 - 0] ? NO
[1 - 2] is valid in range [0 - -2] ? YES
[1 - 2] is valid in range [0 - -1] ? YES
[1 - 2] is valid in range [0 - 0] ? NO
[1 - 2] is valid in range [0 - 1] ? NO
[1 - 2] is valid in range [0 - 2] ? YES
[1 - 2] is valid in range [1 - -1] ? YES
[1 - 2] is valid in range [1 - 0] ? NO
[1 - 2] is valid in range [1 - 1] ? NO
[1 - 2] is valid in range [1 - 2] ? YES
[1 - 2] is valid in range [1 - 3] ? YES
[1 - 2] is valid in range [2 - 0] ? NO
[1 - 2] is valid in range [2 - 2] ? NO
[1 - 2] is valid in range [2 - 3] ? NO
[1 - 2] is valid in range [2 - 4] ? NO

[1 - 3] is valid in range [-2 - -2] ? NO
[1 - 3] is valid in range [-2 - -1] ? NO
[1 - 3] is valid in range [-2 - 0] ? NO
[1 - 3] is valid in range [-1 - -1] ? NO
[1 - 3] is valid in range [-1 - 0] ? NO
[1 - 3] is valid in range [0 - -2] ? YES
[1 - 3] is valid in range [0 - -1] ? YES
[1 - 3] is valid in range [0 - 0] ? NO
[1 - 3] is valid in range [0 - 1] ? NO
[1 - 3] is valid in range [0 - 2] ? NO
[1 - 3] is valid in range [1 - -1] ? YES
[1 - 3] is valid in range [1 - 0] ? NO
[1 - 3] is valid in range [1 - 1] ? NO
[1 - 3] is valid in range [1 - 2] ? NO
[1 - 3] is valid in range [1 - 3] ? YES
[1 - 3] is valid in range [2 - 0] ? NO
[1 - 3] is valid in range [2 - 2] ? NO
[1 - 3] is valid in range [2 - 3] ? NO
[1 - 3] is valid in range [2 - 4] ? NO

[2 - 0] is valid in range [-2 - -2] ? NO
[2 - 0] is valid in range [-2 - -1] ? NO
[2 - 0] is valid in range [-2 - 0] ? NO
[2 - 0] is valid in range [-1 - -1] ? NO
[2 - 0] is valid in range [-1 - 0] ? NO
[2 - 0] is valid in range [0 - -2] ? YES
[2 - 0] is valid in range [0 - -1] ? YES
[2 - 0] is valid in range [0 - 0] ? YES
[2 - 0] is valid in range [0 - 1] ? YES
[2 - 0] is valid in range [0 - 2] ? YES
[2 - 0] is valid in range [1 - -1] ? YES
[2 - 0] is valid in range [1 - 0] ? YES
[2 - 0] is valid in range [1 - 1] ? YES
[2 - 0] is valid in range [1 - 2] ? YES
[2 - 0] is valid in range [1 - 3] ? YES
[2 - 0] is valid in range [2 - 0] ? YES
[2 - 0] is valid in range [2 - 2] ? YES
[2 - 0] is valid in range [2 - 3] ? YES
[2 - 0] is valid in range [2 - 4] ? YES

[2 - 1] is valid in range [-2 - -2] ? NO
[2 - 1] is valid in range [-2 - -1] ? NO
[2 - 1] is valid in range [-2 - 0] ? NO
[2 - 1] is valid in range [-1 - -1] ? NO
[2 - 1] is valid in range [-1 - 0] ? NO
[2 - 1] is valid in range [0 - -2] ? NO
[2 - 1] is valid in range [0 - -1] ? NO
[2 - 1] is valid in range [0 - 0] ? NO
[2 - 1] is valid in range [0 - 1] ? NO
[2 - 1] is valid in range [0 - 2] ? NO
[2 - 1] is valid in range [1 - -1] ? NO
[2 - 1] is valid in range [1 - 0] ? NO
[2 - 1] is valid in range [1 - 1] ? NO
[2 - 1] is valid in range [1 - 2] ? NO
[2 - 1] is valid in range [1 - 3] ? NO
[2 - 1] is valid in range [2 - 0] ? NO
[2 - 1] is valid in range [2 - 2] ? NO
[2 - 1] is valid in range [2 - 3] ? NO
[2 - 1] is valid in range [2 - 4] ? NO

[2 - 2] is valid in range [-2 - -2] ? NO
[2 - 2] is valid in range [-2 - -1] ? NO
[2 - 2] is valid in range [-2 - 0] ? NO
[2 - 2] is valid in range [-1 - -1] ? NO
[2 - 2] is valid in range [-1 - 0] ? NO
[2 - 2] is valid in range [0 - -2] ? YES
[2 - 2] is valid in range [0 - -1] ? YES
[2 - 2] is valid in range [0 - 0] ? NO
[2 - 2] is valid in range [0 - 1] ? NO
[2 - 2] is valid in range [0 - 2] ? YES
[2 - 2] is valid in range [1 - -1] ? YES
[2 - 2] is valid in range [1 - 0] ? NO
[2 - 2] is valid in range [1 - 1] ? NO
[2 - 2] is valid in range [1 - 2] ? YES
[2 - 2] is valid in range [1 - 3] ? YES
[2 - 2] is valid in range [2 - 0] ? NO
[2 - 2] is valid in range [2 - 2] ? YES
[2 - 2] is valid in range [2 - 3] ? YES
[2 - 2] is valid in range [2 - 4] ? YES

[2 - 3] is valid in range [-2 - -2] ? NO
[2 - 3] is valid in range [-2 - -1] ? NO
[2 - 3] is valid in range [-2 - 0] ? NO
[2 - 3] is valid in range [-1 - -1] ? NO
[2 - 3] is valid in range [-1 - 0] ? NO
[2 - 3] is valid in range [0 - -2] ? YES
[2 - 3] is valid in range [0 - -1] ? YES
[2 - 3] is valid in range [0 - 0] ? NO
[2 - 3] is valid in range [0 - 1] ? NO
[2 - 3] is valid in range [0 - 2] ? NO
[2 - 3] is valid in range [1 - -1] ? YES
[2 - 3] is valid in range [1 - 0] ? NO
[2 - 3] is valid in range [1 - 1] ? NO
[2 - 3] is valid in range [1 - 2] ? NO
[2 - 3] is valid in range [1 - 3] ? YES
[2 - 3] is valid in range [2 - 0] ? NO
[2 - 3] is valid in range [2 - 2] ? NO
[2 - 3] is valid in range [2 - 3] ? YES
[2 - 3] is valid in range [2 - 4] ? YES

[2 - 4] is valid in range [-2 - -2] ? NO
[2 - 4] is valid in range [-2 - -1] ? NO
[2 - 4] is valid in range [-2 - 0] ? NO
[2 - 4] is valid in range [-1 - -1] ? NO
[2 - 4] is valid in range [-1 - 0] ? NO
[2 - 4] is valid in range [0 - -2] ? YES
[2 - 4] is valid in range [0 - -1] ? YES
[2 - 4] is valid in range [0 - 0] ? NO
[2 - 4] is valid in range [0 - 1] ? NO
[2 - 4] is valid in range [0 - 2] ? NO
[2 - 4] is valid in range [1 - -1] ? YES
[2 - 4] is valid in range [1 - 0] ? NO
[2 - 4] is valid in range [1 - 1] ? NO
[2 - 4] is valid in range [1 - 2] ? NO
[2 - 4] is valid in range [1 - 3] ? NO
[2 - 4] is valid in range [2 - 0] ? NO
[2 - 4] is valid in range [2 - 2] ? NO
[2 - 4] is valid in range [2 - 3] ? NO
[2 - 4] is valid in range [2 - 4] ? YES

