startUndetached
+new
1
+new
2
-dealloc
-dealloc
joined
