+[Foo class]: SAME
-[Foo class]: SAME
+[Foo class]: SAME
