+[B(Y) clobbered]
+[B(X) clobbered]
+[B clobbered]
