+[A overridden]

+[B(Y) overridden]
+[B(X) overridden]
+[B overridden]
+[Q overridden]
+[P overridden]
+[A overridden]
