+[A super]

+[B(Y) super]
+[Q super]
+[P super]
+[A super]
