NSObject:
NO
YES

Foo:
YES
NO
NO

Bar:
YES
NO
NO

foo:
YES
YES
NO

bar:
YES
YES
YES
NO
