NSObject:
NO
NO
NO

Foo:
NO
NO
NO

Bar:
NO
NO
NO

foo:
NO
YES
NO

bar:
NO
NO
YES
NO
